Duplicates: 0
Nodes: 3
Minimum depth: 1
Maximum depth: 1
AVL:
0: a2(a2)X
1: =a1(a2)L =a3(a2)R
debug: [a2 [a1] [a3]]
is a2 present? yes
Duplicates: 0
Nodes: 2
Minimum depth: 0
Maximum depth: 1
AVL:
0: a2+(a2+)X
1: =a1(a2+)L
debug: [a2+ [a1]]
is a2 present? yes
Duplicates: 0
Nodes: 1
Minimum depth: 0
Maximum depth: 0
AVL:
0: =a1(a1)X
debug: [a1]
is a2 present? no
size: 1
