0: i gw(i gw)X
1: gonc(i gw)L phc(i gw)R
2: bht(gonc)L h(gonc)R mi(phc)L tyoh(phc)R
3: b g(bht)L bimt(bht)R gz(h)L hknp(h)R jvq(mi)L no[2](mi)R pnxf(tyoh)L tzhq(tyoh)R
4: a h(b g)L =bdi(b g)R c[2](bimt)R gozb(gz)L h w(hknp)L i b(hknp)R iyx(jvq)L krd(jvq)R mrc(no[2])L oth(no[2])R =pid(pnxf)L suz(pnxf)R x[2](tzhq)R
5: =a bw(a h)L anl(a h)R bjyr(c[2])L dzz(c[2])R gri(gozb)R h g(h w)L hfvy(h w)R hmbd(i b)L itun(iyx)L jn(iyx)R kr(krd)L llq(krd)R mucr(mrc)R o m(oth)L ovl(oth)R rhc(suz)L tsj(suz)R uzlg(x[2])L y hn(x[2])R
6: afm(anl)L aub(anl)R bjqx(bjyr)L bnp(bjyr)R ca(dzz)L e[3](dzz)R =gqze(gri)L =h ro(h g)R =h x(hfvy)L =hiae(hfvy)R hpd(hmbd)R it(itun)L =iwq(itun)R jmk(jn)L jpt(jn)R knw(kr)L ldtc(llq)L ly(llq)R =mu(mucr)L nmkl(mucr)R o[2](o m)L oei(o m)R p[3](ovl)R qix(rhc)L sgmg(rhc)R tsh(tsj)L urkp(uzlg)L vk(uzlg)R xri(y hn)L yhn(y hn)R
7: aem(afm)L =aj(afm)R aqac(aub)L audi(aub)R =bjhw(bjqx)L =bn(bnp)L bzz(bnp)R c q(ca)L cfbz(ca)R emc(e[3])R hr(hpd)R il(it)L =itf(it)R jew(jmk)L =jmol(jmk)R =jou(jpt)L jr(jpt)R jxpy(knw)L l[2](ldtc)L =lk(ldtc)R lotr(ly)L mcg(ly)R nkmh(nmkl)L nxra(o[2])L oiu(oei)R oz(p[3])L q(qix)L r d(qix)R sf(sgmg)L =suy(sgmg)R sxl(tsh)L uc s(urkp)L utpa(urkp)R vbqy(vk)L wcjs(vk)R xl(xri)L =xw(xri)R ygz(yhn)L znxe(yhn)R
8: =aa(aem)L =app(aqac)L b(audi)R bwu(bzz)L =c l(c q)L ceo(cfbz)L cnsj(cfbz)R efr(emc)L fo(emc)R =hvox(hr)R =iebz(il)L =jbty(jew)L =jtm(jr)R =kde(jxpy)R =krgg(l[2])L =lnt(lotr)L =m(mcg)L n m(nkmh)L nx(nxra)L =ohrn(oiu)L =ovy(oz)L pz y(q)L qfw(q)R qu(r d)L rgsy(r d)R sanz(sf)L t u(sxl)R uhzj(uc s)R =uvqm(utpa)R =v(vbqy)L vxh(wcjs)L wpk(wcjs)R xcm(xl)L ydx(ygz)L yxzu(znxe)L zq(znxe)R
9: ayg(b)L btyk(bwu)L =bzsr(bwu)R =ceb(ceo)L =cndq(cnsj)L dbnz(cnsj)R =ea(efr)L =elbd(efr)R f(fo)L gboi(fo)R =n(n m)L =neg(n m)R nout(nx)L ppb(pz y)L qb i(qfw)L qi(qfw)R qkd(qu)L qw(qu)R =rdmo(rgsy)L sa(sanz)L =sc(sanz)R =t c(t u)L tli(t u)R =ucc(uhzj)L uni(uhzj)R vlq(vxh)L w(vxh)R wo(wpk)L =wvj(wpk)R =x t(xcm)L =xi(xcm)R =y m(ydx)L =ye(ydx)R ysm(yxzu)L zk(yxzu)R zszi(zq)R
10: =ax(ayg)L =bwhs(btyk)R czh(dbnz)L di(dbnz)R er(f)L fa(f)R =gdg(gboi)R =nts(nout)R =poaj(ppb)L pqw(ppb)R =qa(qb i)L =qdbx(qb i)R =qhaz(qi)L =qk(qkd)L =qvpl(qw)L =r ae(qw)R ryc(sa)L =tjwh(tli)L =tlwx(tli)R =uqux(uni)R vqo(vlq)R vxi(w)L =w wd(w)R wf(wo)L yly(ysm)L =z(zk)L =zn(zk)R =zrir(zszi)L
11: =d a(czh)R =de w(di)L dou(di)R =eqdy(er)L =err(er)R =f e(fa)L fk(fa)R =prj(pqw)R rx(ryc)L vts(vqo)R =vzwx(vxi)R =weix(wf)L wgi(wf)R ynk(yly)R
12: =dyyb(dou)R fisg(fk)L =fkfp(fk)R rryg(rx)L =vx[2](vts)R =wfs(wgi)L =ymr(ynk)L
13: =fhvo(fisg)L =rpv(rryg)L
Duplicates: 10
Nodes: 239
Minimum depth: 3
Maximum depth: 13
Value uex not found.
Value gj not found.
Value syg not found.
Value me not found.
Value gnl not found.
Value id not found.
Value np not found.
Value hhx not found.
Value gog not found.
Value sp not found.
Value xak not found.
Value fbn not found.
Value lfu not found.
Value xtd not found.
Value u not found.
Value hl not found.
Value of not found.
Value pw not found.
Value j not found.
Value ky not found.
Value qr not found.
0: i gw(i gw)X
1: gonc(i gw)L phc(i gw)R
2: bht(gonc)L h(gonc)R mi(phc)L tyoh(phc)R
3: b g(bht)L bimt(bht)R gz(h)L hknp(h)R jvq(mi)L no[2](mi)R pnxf(tyoh)L tzhq(tyoh)R
4: a h(b g)L =bdi(b g)R c[2](bimt)R gozb(gz)L h w(hknp)L i b(hknp)R iyx(jvq)L krd(jvq)R mrc(no[2])L oth(no[2])R pid(pnxf)L suz(pnxf)R x[2](tzhq)R
5: =a bw(a h)L anl(a h)R bjyr(c[2])L dzz(c[2])R gri(gozb)R h g(h w)L hfvy(h w)R hmbd(i b)L itun(iyx)L jn(iyx)R kr(krd)L llq(krd)R mucr(mrc)R o m(oth)L ovl(oth)R =plg(pid)R rhc(suz)L tsj(suz)R uzlg(x[2])L y hn(x[2])R
6: afm(anl)L aub(anl)R bjqx(bjyr)L bnp(bjyr)R ca(dzz)L e[3](dzz)R =gqze(gri)L =h ro(h g)R =h x(hfvy)L =hiae(hfvy)R hpd(hmbd)R itf(itun)L =iwq(itun)R jmk(jn)L jpt(jn)R knw(kr)L ldtc(llq)L ly(llq)R =mu(mucr)L nmkl(mucr)R o[2](o m)L oei(o m)R p[3](ovl)R qix(rhc)L sgmg(rhc)R tsh(tsj)L urkp(uzlg)L vk(uzlg)R xri(y hn)L yhn(y hn)R
7: aem(afm)L =aj(afm)R aqac(aub)L audi(aub)R =bjhw(bjqx)L =bn(bnp)L bzz(bnp)R c q(ca)L cfbz(ca)R emc(e[3])R hr(hpd)R il(itf)L jew(jmk)L =jmol(jmk)R =jou(jpt)L jr(jpt)R jxpy(knw)L l[2](ldtc)L lk(ldtc)R lotr(ly)L mcg(ly)R nkmh(nmkl)L nxra(o[2])L oiu(oei)R oz(p[3])L q(qix)L r d(qix)R sf(sgmg)L =suy(sgmg)R sxl(tsh)L uc s(urkp)L utpa(urkp)R vbqy(vk)L wcjs(vk)R xl(xri)L xw(xri)R ygz(yhn)L znxe(yhn)R
8: =aa(aem)L =app(aqac)L b(audi)R bwu(bzz)L =c l(c q)L ceo(cfbz)L cnsj(cfbz)R efr(emc)L fo(emc)R =hvox(hr)R =iebz(il)L =jbty(jew)L =jtm(jr)R =kde(jxpy)R =krgg(l[2])L =lip(lk)L =lnt(lotr)L =lx(lotr)R =mgd(mcg)R n m(nkmh)L nx(nxra)L =ohrn(oiu)L =ovy(oz)L pz y(q)L qfw(q)R qu(r d)L rgsy(r d)R sanz(sf)L t u(sxl)R =uc(uc s)L uhzj(uc s)R =uvqm(utpa)R =v(vbqy)L vxh(wcjs)L wpk(wcjs)R xcm(xl)L =y(xw)R ydx(ygz)L yxzu(znxe)L zq(znxe)R
9: ayg(b)L btyk(bwu)L =bzsr(bwu)R =ceb(ceo)L =cndq(cnsj)L dbnz(cnsj)R =ea(efr)L =elbd(efr)R f(fo)L gboi(fo)R =n(n m)L =neg(n m)R nout(nx)L ppb(pz y)L qb i(qfw)L qi(qfw)R qkd(qu)L qw(qu)R rdmo(rgsy)L sa(sanz)L =sc(sanz)R =t c(t u)L tli(t u)R =ucc(uhzj)L uni(uhzj)R vlq(vxh)L w(vxh)R wo(wpk)L =wvj(wpk)R =x t(xcm)L =xi(xcm)R =y m(ydx)L =ye(ydx)R ysm(yxzu)L zk(yxzu)R zszi(zq)R
10: =ax(ayg)L =bwhs(btyk)R czh(dbnz)L di(dbnz)R er(f)L fa(f)R =gdg(gboi)R =nts(nout)R =poaj(ppb)L pqw(ppb)R =qa(qb i)L =qdbx(qb i)R =qhaz(qi)L =qk(qkd)L =qvpl(qw)L =r ae(qw)R =rdj(rdmo)L ryc(sa)L tjwh(tli)L =tlwx(tli)R =uqux(uni)R vqo(vlq)R vxi(w)L =w wd(w)R wf(wo)L yly(ysm)L =z(zk)L =zn(zk)R =zrir(zszi)L
11: =d a(czh)R =de w(di)L dou(di)R =eqdy(er)L =err(er)R =f e(fa)L fk(fa)R prj(pqw)R rx(ryc)L =tj(tjwh)L vts(vqo)R =vzwx(vxi)R =weix(wf)L wgi(wf)R ynk(yly)R
12: =dyyb(dou)R fisg(fk)L =fkfp(fk)R =pv(prj)R rryg(rx)L =vx[2](vts)R =wfs(wgi)L =ymr(ynk)L
13: =fhvo(fisg)L =rpv(rryg)L
Duplicates: 10
Nodes: 246
Minimum depth: 3
Maximum depth: 13
