0: mrc(mrc)X
1: gonc(mrc)L tzhq(mrc)R
2: ca(gonc)L jvq+(gonc)R phc-(tzhq)L x[2]+(tzhq)R
3: bimt(ca)L dzz(ca)R i gw(jvq+)L llq+(jvq+)R o m(phc-)L rhc(phc-)R vxh+(x[2]+)L yhn(x[2]+)R
4: anl-(bimt)L bwu+(bimt)R cnsj-(dzz)L err(dzz)R h w(i gw)L iyx-(i gw)R krd(llq+)L ly(llq+)R nmkl(o m)L oth-(o m)R qix(rhc)L suz(rhc)R uzlg(vxh+)L weix(vxh+)R y hn(yhn)L yxzu(yhn)R
5: aem(anl-)L b g+(anl-)R bnp+(bwu+)L c[2](bwu+)R cfbz+(cnsj-)L dbnz-(cnsj-)R efr-(err)L fk(err)R h+(h w)L hknp-(h w)R it(iyx-)L jmol-(iyx-)R knw+(krd)L ldtc+(krd)R lotr+(ly)L mcg(ly)R n m(nmkl)L nx(nmkl)R ohrn(oth-)L oz+(oth-)R q(qix)L r d+(qix)R sa(suz)L t u-(suz)R urkp+(uzlg)L vk-(uzlg)R w wd+(weix)L wo(weix)R xl(y hn)L ydx-(y hn)R ynk+(yxzu)L znxe(yxzu)R
6: a h(aem)L afm-(aem)R audi(b g+)L bht+(b g+)R bjyr+(bnp+)L btyk-(bnp+)R bzz+(c[2])L c q+(c[2])R ceo+(cfbz+)L =cndq(cfbz+)R czh-(dbnz-)L di-(dbnz-)R e[3]-(efr-)L emc-(efr-)R fa(fk)L fo-(fk)R gri+(h+)L h g-(h+)R hfvy(hknp-)L hpd-(hknp-)R il+(it)L itun(it)R jew(jmol-)L jou-(jmol-)R jxpy-(knw+)L =kr(knw+)R l[2]+(ldtc+)L =lk(ldtc+)R =lnt(lotr+)L =m(mcg)L =mi(mcg)R mucr(n m)L nkmh+(n m)R nout(nx)L nxra-(nx)R =oei(ohrn)L =oiu(ohrn)R ovl-(oz+)L =p[3](oz+)R ppb(q)L qfw(q)R qvpl(r d+)L rgsy+(r d+)R rx+(sa)L sf(sa)R sxl-(t u-)L tlwx(t u-)R uhzj(urkp+)L utpa-(urkp+)R vbqy+(vk-)L vqo-(vk-)R vzwx(w wd+)L =wcjs(w wd+)R wfs(wo)L wpk-(wo)R xcm(xl)L xri-(xl)R =y m(ydx-)L ygz+(ydx-)R yly-(ynk+)L =ysm(ynk+)R zk(znxe)L zrir(znxe)R
7: =a bw(a h)L =aa(a h)R =aj(afm-)R aqac(audi)L ayg(audi)R =bdi(bht+)L bjqx+(bjyr+)L =bn(bjyr+)R =bwhs(btyk-)R =bzsr(bzz+)L =c l(c q+)L =ceb(ceo+)L =d a(czh-)R =de w(di-)L dou-(di-)R =ea(e[3]-)R =elbd(emc-)L er+(emc-)R f-(fa)L fisg+(fa)R =fkfp(fo-)L gboi-(fo-)R gozb-(gri+)L =gz(gri+)R =h ro(h g-)R =h x(hfvy)L =hiae(hfvy)R =hmbd(hpd-)L hvox(hpd-)R =iebz(il+)L =itf(itun)L =iwq(itun)R =jbty(jew)L =jmk(jew)R =jn(jou-)L jr(jou-)R =kde(jxpy-)R =krgg(l[2]+)L =mu(mucr)L =n(mucr)R =neg(nkmh+)L =no[2](nout)L =nts(nout)R =o[2](nxra-)R =ovy(ovl-)R pnxf(ppb)L prj(ppb)R qb i(qfw)L qi+(qfw)R qkd(qvpl)L qw-(qvpl)R =rdmo(rgsy+)L rryg+(rx+)L =ryc(rx+)R sanz-(sf)L sgmg-(sf)R =t c(sxl-)R tli+(tlwx)L tsj(tlwx)R uc s-(uhzj)L uni-(uhzj)R =uvqm(utpa-)R =v(vbqy+)L =vlq(vqo-)L vts-(vqo-)R =vxi(vzwx)L =w(vzwx)R =wf(wfs)L =wgi(wfs)R =wvj(wpk-)R =x t(xcm)L =xi(xcm)R =xw(xri-)R =ye(ygz+)L =ymr(yly-)R =z(zk)L =zn(zk)R =zq(zrir)L =zszi(zrir)R
8: =app(aqac)L =aub(aqac)R =ax(ayg)L =b(ayg)R =bjhw(bjqx+)L =dyyb(dou-)R =eqdy(er+)L =f e(f-)R =fhvo(fisg+)L =gdg(gboi-)R =gqze(gozb-)R =hr(hvox)L =i b(hvox)R =jpt(jr)L =jtm(jr)R =pid(pnxf)L =poaj(pnxf)R =pqw(prj)L =pz y(prj)R =qa(qb i)L =qdbx(qb i)R =qhaz(qi+)L =qk(qkd)L =qu(qkd)R =r ae(qw-)R =rpv(rryg+)L =sc(sanz-)R =suy(sgmg-)R =tjwh(tli+)L =tsh(tsj)L =tyoh(tsj)R =ucc(uc s-)R =uqux(uni-)R =vx[2](vts-)R
Duplicates: 10
Nodes: 239
Minimum depth: 5
Maximum depth: 8
Value uex not found.
Value gj not found.
Value syg not found.
Value me not found.
Value gnl not found.
Value id not found.
Value np not found.
Value hhx not found.
Value gog not found.
Value sp not found.
Value xak not found.
Value fbn not found.
Value lfu not found.
Value xtd not found.
Value u not found.
Value hl not found.
Value of not found.
Value pw not found.
Value j not found.
Value ky not found.
Value qr not found.
0: mrc(mrc)X
1: gonc(mrc)L tzhq(mrc)R
2: ca(gonc)L jvq+(gonc)R qix(tzhq)L x[2]+(tzhq)R
3: bimt(ca)L dzz(ca)R i gw(jvq+)L llq+(jvq+)R phc(qix)L rhc-(qix)R vxh+(x[2]+)L yhn(x[2]+)R
4: anl-(bimt)L bwu+(bimt)R cnsj-(dzz)L err(dzz)R h w(i gw)L iyx-(i gw)R krd(llq+)L ly(llq+)R o m(phc)L q+(phc)R r d+(rhc-)L suz(rhc-)R uzlg(vxh+)L weix(vxh+)R y hn(yhn)L yxzu(yhn)R
5: aem(anl-)L b g+(anl-)R bnp+(bwu+)L c[2](bwu+)R cfbz+(cnsj-)L dbnz-(cnsj-)R efr-(err)L fk(err)R h+(h w)L hknp-(h w)R itf(iyx-)L jmol-(iyx-)R knw+(krd)L ldtc(krd)R lotr(ly)L mgd(ly)R nmkl(o m)L oth-(o m)R ppb(q+)L qfw(q+)R qvpl(r d+)L rdmo(r d+)R sa(suz)L t u-(suz)R urkp+(uzlg)L vk-(uzlg)R w wd+(weix)L wo(weix)R xl(y hn)L ydx-(y hn)R ynk+(yxzu)L znxe(yxzu)R
6: a h(aem)L afm-(aem)R audi(b g+)L bht+(b g+)R bjyr+(bnp+)L btyk-(bnp+)R bzz+(c[2])L c q+(c[2])R ceo+(cfbz+)L =cndq(cfbz+)R czh-(dbnz-)L di-(dbnz-)R e[3]-(efr-)L emc-(efr-)R fa(fk)L fo-(fk)R gri+(h+)L h g-(h+)R hfvy(hknp-)L hpd-(hknp-)R il+(itf)L itun-(itf)R jew(jmol-)L jou-(jmol-)R jxpy-(knw+)L =kr(knw+)R l[2]+(ldtc)L lk+(ldtc)R =lnt(lotr)L =lx(lotr)R =mcg(mgd)L =mi(mgd)R n m(nmkl)L nx(nmkl)R ohrn(oth-)L oz+(oth-)R pnxf+(ppb)L prj-(ppb)R qb i(qfw)L qi+(qfw)R qkd(qvpl)L qw-(qvpl)R =rdj(rdmo)L =rgsy(rdmo)R rx+(sa)L sf(sa)R sxl-(t u-)L tlwx(t u-)R uhzj(urkp+)L utpa-(urkp+)R vbqy+(vk-)L vqo-(vk-)R vzwx(w wd+)L =wcjs(w wd+)R wfs(wo)L wpk-(wo)R xcm(xl)L xw(xl)R =y m(ydx-)L ygz+(ydx-)R yly-(ynk+)L =ysm(ynk+)R zk(znxe)L zrir(znxe)R
7: =a bw(a h)L =aa(a h)R =aj(afm-)R aqac(audi)L ayg(audi)R =bdi(bht+)L bjqx+(bjyr+)L =bn(bjyr+)R =bwhs(btyk-)R =bzsr(bzz+)L =c l(c q+)L =ceb(ceo+)L =d a(czh-)R =de w(di-)L dou-(di-)R =ea(e[3]-)R =elbd(emc-)L er+(emc-)R f-(fa)L fisg+(fa)R =fkfp(fo-)L gboi-(fo-)R gozb-(gri+)L =gz(gri+)R =h ro(h g-)R =h x(hfvy)L =hiae(hfvy)R =hmbd(hpd-)L hvox(hpd-)R =iebz(il+)L =iwq(itun-)R =jbty(jew)L =jmk(jew)R =jn(jou-)L jr(jou-)R =kde(jxpy-)R =krgg(l[2]+)L =lip(lk+)L mucr(n m)L nkmh+(n m)R nout(nx)L nxra-(nx)R =oei(ohrn)L =oiu(ohrn)R ovl-(oz+)L =p[3](oz+)R pid-(pnxf+)L =poaj(pnxf+)R =pqw(prj-)L pz y+(prj-)R =qa(qb i)L =qdbx(qb i)R =qhaz(qi+)L =qk(qkd)L =qu(qkd)R =r ae(qw-)R rryg+(rx+)L =ryc(rx+)R sanz-(sf)L sgmg-(sf)R =t c(sxl-)R tjwh(tlwx)L tsj(tlwx)R uc s(uhzj)L uni-(uhzj)R =uvqm(utpa-)R =v(vbqy+)L =vlq(vqo-)L vts-(vqo-)R =vxi(vzwx)L =w(vzwx)R =wf(wfs)L =wgi(wfs)R =wvj(wpk-)R =x t(xcm)L =xi(xcm)R =xri(xw)L =y(xw)R =ye(ygz+)L =ymr(yly-)R =z(zk)L =zn(zk)R =zq(zrir)L =zszi(zrir)R
8: =app(aqac)L =aub(aqac)R =ax(ayg)L =b(ayg)R =bjhw(bjqx+)L =dyyb(dou-)R =eqdy(er+)L =f e(f-)R =fhvo(fisg+)L =gdg(gboi-)R =gqze(gozb-)R =hr(hvox)L =i b(hvox)R =jpt(jr)L =jtm(jr)R =mu(mucr)L =n(mucr)R =neg(nkmh+)L =no[2](nout)L =nts(nout)R =o[2](nxra-)R =ovy(ovl-)R =plg(pid-)R =pv(pz y+)L =rpv(rryg+)L =sc(sanz-)R =suy(sgmg-)R =tj(tjwh)L =tli(tjwh)R =tsh(tsj)L =tyoh(tsj)R =uc(uc s)L =ucc(uc s)R =uqux(uni-)R =vx[2](vts-)R
Duplicates: 10
Nodes: 246
Minimum depth: 6
Maximum depth: 8
